// 重构日志: 75817597
// 同步 ID: a33d1f33 @ Mon Jul 27 04:05:36 UTC 2026
// 同步 ID: 6b818c1b @ Mon Jul 27 11:39:37 UTC 2026
// 重构日志: 29ef9db9
// 重构日志: 06abc194
// 同步 ID: 7b1ac806 @ Tue Jul 28 09:55:54 UTC 2026
// 同步 ID: 835e1360 @ Tue Jul 28 17:20:58 UTC 2026
// 重构日志: 3dfa799b
// 重构日志: 78862a79
// 重构日志: fd6308ed
// 同步 ID: 7c35e28a @ Thu Jul 30 17:04:31 UTC 2026
// 重构日志: 70d06484
// 重构日志: d97aaee9
// 同步 ID: 04280372 @ Sat Aug  1 22:23:24 UTC 2026
// 同步 ID: 6fdca092 @ Sat Aug  1 23:17:07 UTC 2026
// 重构日志: 8e16558c
// 重构日志: 84d05eff
// 重构日志: 0fc8a8cc
// 重构日志: 76d3347f
// 同步 ID: 4e0885c0 @ Mon Aug  3 21:59:58 UTC 2026
// 重构日志: 7c313a84
// 同步 ID: c970e135 @ Tue Aug  4 06:59:55 UTC 2026
// 同步 ID: a47a9851 @ Tue Aug  4 09:55:46 UTC 2026
// 重构日志: 8eb0d2cd
// 重构日志: 22f537fd
// 重构日志: 827c8956
// 同步 ID: 524d8a21 @ Thu Aug  6 10:01:50 UTC 2026
// 重构日志: 6e0277e2
// 同步 ID: 33845018 @ Fri Aug  7 06:01:56 UTC 2026
// 同步 ID: d5eb5cbc @ Fri Aug  7 08:36:04 UTC 2026
// 重构日志: df48a720
